Archive member included because of file (symbol)

/usr/local/gcc-arm-none-eabi-4_9-2015q3/bin/../lib/gcc/arm-none-eabi/4.9.3/../../../../arm-none-eabi/lib/armv7e-m/fpu/libg.a(lib_a-exit.o)
                              /usr/local/gcc-arm-none-eabi-4_9-2015q3/bin/../lib/gcc/arm-none-eabi/4.9.3/../../../../arm-none-eabi/lib/armv7e-m/fpu/crt0.o (exit)
/usr/local/gcc-arm-none-eabi-4_9-2015q3/bin/../lib/gcc/arm-none-eabi/4.9.3/../../../../arm-none-eabi/lib/armv7e-m/fpu/libg.a(lib_a-impure.o)
                              /usr/local/gcc-arm-none-eabi-4_9-2015q3/bin/../lib/gcc/arm-none-eabi/4.9.3/../../../../arm-none-eabi/lib/armv7e-m/fpu/libg.a(lib_a-exit.o) (_global_impure_ptr)
/usr/local/gcc-arm-none-eabi-4_9-2015q3/bin/../lib/gcc/arm-none-eabi/4.9.3/../../../../arm-none-eabi/lib/armv7e-m/fpu/libg.a(lib_a-init.o)
                              /usr/local/gcc-arm-none-eabi-4_9-2015q3/bin/../lib/gcc/arm-none-eabi/4.9.3/../../../../arm-none-eabi/lib/armv7e-m/fpu/crt0.o (__libc_init_array)
/usr/local/gcc-arm-none-eabi-4_9-2015q3/bin/../lib/gcc/arm-none-eabi/4.9.3/../../../../arm-none-eabi/lib/armv7e-m/fpu/libg.a(lib_a-memset.o)
                              /usr/local/gcc-arm-none-eabi-4_9-2015q3/bin/../lib/gcc/arm-none-eabi/4.9.3/../../../../arm-none-eabi/lib/armv7e-m/fpu/crt0.o (memset)
/usr/local/gcc-arm-none-eabi-4_9-2015q3/bin/../lib/gcc/arm-none-eabi/4.9.3/../../../../arm-none-eabi/lib/armv7e-m/fpu/libg.a(lib_a-__call_atexit.o)
                              /usr/local/gcc-arm-none-eabi-4_9-2015q3/bin/../lib/gcc/arm-none-eabi/4.9.3/../../../../arm-none-eabi/lib/armv7e-m/fpu/libg.a(lib_a-exit.o) (__call_exitprocs)
/usr/local/gcc-arm-none-eabi-4_9-2015q3/bin/../lib/gcc/arm-none-eabi/4.9.3/../../../../arm-none-eabi/lib/armv7e-m/fpu/libg.a(lib_a-atexit.o)
                              /usr/local/gcc-arm-none-eabi-4_9-2015q3/bin/../lib/gcc/arm-none-eabi/4.9.3/../../../../arm-none-eabi/lib/armv7e-m/fpu/libg.a(lib_a-__call_atexit.o) (atexit)
/usr/local/gcc-arm-none-eabi-4_9-2015q3/bin/../lib/gcc/arm-none-eabi/4.9.3/../../../../arm-none-eabi/lib/armv7e-m/fpu/libg.a(lib_a-fini.o)
                              /usr/local/gcc-arm-none-eabi-4_9-2015q3/bin/../lib/gcc/arm-none-eabi/4.9.3/../../../../arm-none-eabi/lib/armv7e-m/fpu/libg.a(lib_a-__call_atexit.o) (__libc_fini_array)
/usr/local/gcc-arm-none-eabi-4_9-2015q3/bin/../lib/gcc/arm-none-eabi/4.9.3/../../../../arm-none-eabi/lib/armv7e-m/fpu/libg.a(lib_a-__atexit.o)
                              /usr/local/gcc-arm-none-eabi-4_9-2015q3/bin/../lib/gcc/arm-none-eabi/4.9.3/../../../../arm-none-eabi/lib/armv7e-m/fpu/libg.a(lib_a-atexit.o) (__register_exitproc)

Allocating common symbols
Common symbol       size              file

SR_reg              0x1               ./Static_Code/System/CPU_Init.o
value               0x1               ./Sources/Math.o

Discarded input sections

 .text          0x00000000        0x0 /usr/local/gcc-arm-none-eabi-4_9-2015q3/bin/../lib/gcc/arm-none-eabi/4.9.3/armv7e-m/fpu/crti.o
 .data          0x00000000        0x0 /usr/local/gcc-arm-none-eabi-4_9-2015q3/bin/../lib/gcc/arm-none-eabi/4.9.3/armv7e-m/fpu/crti.o
 .bss           0x00000000        0x0 /usr/local/gcc-arm-none-eabi-4_9-2015q3/bin/../lib/gcc/arm-none-eabi/4.9.3/armv7e-m/fpu/crti.o
 .data          0x00000000        0x4 /usr/local/gcc-arm-none-eabi-4_9-2015q3/bin/../lib/gcc/arm-none-eabi/4.9.3/armv7e-m/fpu/crtbegin.o
 .text          0x00000000       0x74 /usr/local/gcc-arm-none-eabi-4_9-2015q3/bin/../lib/gcc/arm-none-eabi/4.9.3/../../../../arm-none-eabi/lib/armv7e-m/fpu/crt0.o
 .data          0x00000000        0x0 /usr/local/gcc-arm-none-eabi-4_9-2015q3/bin/../lib/gcc/arm-none-eabi/4.9.3/../../../../arm-none-eabi/lib/armv7e-m/fpu/crt0.o
 .bss           0x00000000        0x0 /usr/local/gcc-arm-none-eabi-4_9-2015q3/bin/../lib/gcc/arm-none-eabi/4.9.3/../../../../arm-none-eabi/lib/armv7e-m/fpu/crt0.o
 .ARM.extab     0x00000000        0x0 /usr/local/gcc-arm-none-eabi-4_9-2015q3/bin/../lib/gcc/arm-none-eabi/4.9.3/../../../../arm-none-eabi/lib/armv7e-m/fpu/crt0.o
 .ARM.exidx     0x00000000        0x8 /usr/local/gcc-arm-none-eabi-4_9-2015q3/bin/../lib/gcc/arm-none-eabi/4.9.3/../../../../arm-none-eabi/lib/armv7e-m/fpu/crt0.o
 .ARM.attributes
                0x00000000       0x20 /usr/local/gcc-arm-none-eabi-4_9-2015q3/bin/../lib/gcc/arm-none-eabi/4.9.3/../../../../arm-none-eabi/lib/armv7e-m/fpu/crt0.o
 .group         0x00000000        0x8 ./Static_Code/System/CPU_Init.o
 .group         0x00000000        0x8 ./Static_Code/System/CPU_Init.o
 .group         0x00000000        0x8 ./Static_Code/System/CPU_Init.o
 .group         0x00000000        0x8 ./Static_Code/System/CPU_Init.o
 .group         0x00000000        0x8 ./Static_Code/System/CPU_Init.o
 .group         0x00000000        0x8 ./Static_Code/System/CPU_Init.o
 .group         0x00000000        0x8 ./Static_Code/System/CPU_Init.o
 .group         0x00000000        0x8 ./Static_Code/System/CPU_Init.o
[...]
Memory Configuration

Name             Origin             Length             Attributes
m_interrupts     0x00000000         0x00000198         xr
m_text_00000198  0x00000198         0x00000268         xr
m_text           0x00000410         0x000ffbf0         xr
m_data_1FFF0000  0x1fff0000         0x00010000         rw
m_data           0x20000000         0x00030000         rw
m_cfmprotrom     0x00000400         0x00000010         xr
*default*        0x00000000         0xffffffff

Linker script and memory map

LOAD /usr/local/gcc-arm-none-eabi-4_9-2015q3/bin/../lib/gcc/arm-none-eabi/4.9.3/armv7e-m/fpu/crti.o
LOAD /usr/local/gcc-arm-none-eabi-4_9-2015q3/bin/../lib/gcc/arm-none-eabi/4.9.3/armv7e-m/fpu/crtbegin.o
LOAD /usr/local/gcc-arm-none-eabi-4_9-2015q3/bin/../lib/gcc/arm-none-eabi/4.9.3/../../../../arm-none-eabi/lib/armv7e-m/fpu/crt0.o
LOAD ./Static_Code/System/CPU_Init.o
LOAD ./Static_Code/System/Peripherals_Init.o
LOAD ./Static_Code/System/Vectors.o
LOAD ./Static_Code/Peripherals/ADC0_Init.o
LOAD ./Static_Code/Peripherals/ADC1_Init.o
LOAD ./Static_Code/Peripherals/AIPS0_Init.o
LOAD ./Static_Code/Peripherals/AIPS1_Init.o
LOAD ./Static_Code/Peripherals/AXBS_Init.o
LOAD ./Static_Code/Peripherals/CAN0_Init.o
LOAD ./Static_Code/Peripherals/CMP0_Init.o
LOAD ./Static_Code/Peripherals/CMP1_Init.o
LOAD ./Static_Code/Peripherals/CMP2_Init.o
LOAD ./Static_Code/Peripherals/CMT_Init.o
LOAD ./Static_Code/Peripherals/CRC_Init.o
LOAD ./Static_Code/Peripherals/DAC0_Init.o
LOAD ./Static_Code/Peripherals/DMAMUX_Init.o
LOAD ./Static_Code/Peripherals/DMA_Init.o
LOAD ./Static_Code/Peripherals/ENET_Init.o
LOAD ./Static_Code/Peripherals/EWM_Init.o
LOAD ./Static_Code/Peripherals/FB_Init.o
LOAD ./Static_Code/Peripherals/FMC_Init.o
LOAD ./Static_Code/Peripherals/FTFE_Init.o
LOAD ./Static_Code/Peripherals/FTM0_Init.o
LOAD ./Static_Code/Peripherals/FTM1_Init.o
LOAD ./Static_Code/Peripherals/FTM2_Init.o
LOAD ./Static_Code/Peripherals/FTM3_Init.o
LOAD ./Static_Code/Peripherals/I2C0_Init.o
LOAD ./Static_Code/Peripherals/I2C1_Init.o
LOAD ./Static_Code/Peripherals/I2C2_Init.o
LOAD ./Static_Code/Peripherals/I2S0_Init.o
LOAD ./Static_Code/Peripherals/LLWU_Init.o
LOAD ./Static_Code/Peripherals/LPTMR0_Init.o
LOAD ./Static_Code/Peripherals/MCM_Init.o
LOAD ./Static_Code/Peripherals/MPU_Init.o
LOAD ./Static_Code/Peripherals/NVIC_Init.o
LOAD ./Static_Code/Peripherals/PDB0_Init.o
LOAD ./Static_Code/Peripherals/PIT_Init.o
LOAD ./Static_Code/Peripherals/PMC_Init.o
LOAD ./Static_Code/Peripherals/PORTA_Init.o
LOAD ./Static_Code/Peripherals/PORTB_Init.o
LOAD ./Static_Code/Peripherals/PORTC_Init.o
LOAD ./Static_Code/Peripherals/PORTD_Init.o
LOAD ./Static_Code/Peripherals/PORTE_Init.o
LOAD ./Static_Code/Peripherals/PTA_Init.o
LOAD ./Static_Code/Peripherals/PTB_Init.o
LOAD ./Static_Code/Peripherals/PTC_Init.o
LOAD ./Static_Code/Peripherals/PTD_Init.o
LOAD ./Static_Code/Peripherals/PTE_Init.o
LOAD ./Static_Code/Peripherals/RCM_Init.o
LOAD ./Static_Code/Peripherals/RNG_Init.o
LOAD ./Static_Code/Peripherals/RTC_Init.o
LOAD ./Static_Code/Peripherals/SDHC_Init.o
LOAD ./Static_Code/Peripherals/SIM_Init.o
LOAD ./Static_Code/Peripherals/SMC_Init.o
LOAD ./Static_Code/Peripherals/SPI0_Init.o
LOAD ./Static_Code/Peripherals/SPI1_Init.o
LOAD ./Static_Code/Peripherals/SPI2_Init.o
LOAD ./Static_Code/Peripherals/SysTick_Init.o
LOAD ./Static_Code/Peripherals/SystemControl_Init.o
LOAD ./Static_Code/Peripherals/UART0_Init.o
LOAD ./Static_Code/Peripherals/UART1_Init.o
LOAD ./Static_Code/Peripherals/UART2_Init.o
LOAD ./Static_Code/Peripherals/UART3_Init.o
LOAD ./Static_Code/Peripherals/UART4_Init.o
LOAD ./Static_Code/Peripherals/UART5_Init.o
LOAD ./Static_Code/Peripherals/USB0_Init.o
LOAD ./Static_Code/Peripherals/USBDCD_Init.o
LOAD ./Static_Code/Peripherals/VREF_Init.o
LOAD ./Static_Code/Peripherals/WDOG_Init.o
LOAD ./Sources/Events.o
LOAD ./Sources/Math.o
LOAD ./Sources/main.o
LOAD ./Project_Settings/Startup_Code/startup.o
LOAD ./Generated_Code/BitIoLdd1.o
LOAD ./Generated_Code/Cpu.o
LOAD ./Generated_Code/LED1.o
LOAD ./Generated_Code/LEDpin1.o
LOAD ./Generated_Code/PE_LDD.o
LOAD /usr/local/gcc-arm-none-eabi-4_9-2015q3/bin/../lib/gcc/arm-none-eabi/4.9.3/../../../../arm-none-eabi/lib/armv7e-m/fpu/libstdc++.a
LOAD /usr/local/gcc-arm-none-eabi-4_9-2015q3/bin/../lib/gcc/arm-none-eabi/4.9.3/../../../../arm-none-eabi/lib/armv7e-m/fpu/libm.a
START GROUP
LOAD /usr/local/gcc-arm-none-eabi-4_9-2015q3/bin/../lib/gcc/arm-none-eabi/4.9.3/armv7e-m/fpu/libgcc.a
LOAD /usr/local/gcc-arm-none-eabi-4_9-2015q3/bin/../lib/gcc/arm-none-eabi/4.9.3/../../../../arm-none-eabi/lib/armv7e-m/fpu/libg.a
LOAD /usr/local/gcc-arm-none-eabi-4_9-2015q3/bin/../lib/gcc/arm-none-eabi/4.9.3/../../../../arm-none-eabi/lib/armv7e-m/fpu/libc.a
END GROUP
LOAD /usr/local/gcc-arm-none-eabi-4_9-2015q3/bin/../lib/gcc/arm-none-eabi/4.9.3/armv7e-m/fpu/crtend.o
LOAD /usr/local/gcc-arm-none-eabi-4_9-2015q3/bin/../lib/gcc/arm-none-eabi/4.9.3/armv7e-m/fpu/crtn.o
                0x20030000                _estack = 0x20030000
                0x20030000                __SP_INIT = _estack
                0x00000000                __heap_size = 0x0
                0x00000400                __stack_size = 0x400

.interrupts     0x00000000      0x198
                0x00000000                __vector_table = .
                0x00000000                . = ALIGN (0x4)
 *(.vectortable)
 .vectortable   0x00000000      0x198 ./Static_Code/System/Vectors.o
                0x00000000                __vect_table
                0x00000198                . = ALIGN (0x4)

.cfmprotect     0x00000400       0x10
                0x00000400                . = ALIGN (0x4)
 *(.cfmconfig)
 .cfmconfig     0x00000400       0x10 ./Static_Code/System/CPU_Init.o
                0x00000400                _cfm
                0x00000410                . = ALIGN (0x4)

.text           0x00000410      0xd98
                0x00000410                . = ALIGN (0x4)
 *(.text)
 .text          0x00000410       0x5c /usr/local/gcc-arm-none-eabi-4_9-2015q3/bin/../lib/gcc/arm-none-eabi/4.9.3/armv7e-m/fpu/crtbegin.o
 *(.text*)
 .text.CPU_SetBASEPRI
                0x0000046c       0x18 ./Static_Code/System/CPU_Init.o
                0x0000046c                CPU_SetBASEPRI
 .text.__init_hardware
                0x00000484       0x84 ./Static_Code/System/CPU_Init.o
                0x00000484                __init_hardware
 .text.PE_low_level_init
                0x00000508       0x50 ./Static_Code/System/CPU_Init.o
                0x00000508                PE_low_level_init
 .text.CPU_GetClockGenMode
                0x00000558       0x90 ./Static_Code/System/CPU_Init.o
                0x00000558                CPU_GetClockGenMode
 .text.CPU_SetClockConfigGenMode
                0x000005e8      0x5a8 ./Static_Code/System/CPU_Init.o
                0x000005e8                CPU_SetClockConfigGenMode
 .text.UnhandledInterrupt
                0x00000b90       0x18 ./Static_Code/System/Vectors.o
                0x00000b90                UnhandledInterrupt
 .text.Cpu_OnNMI
                0x00000ba8        0xc ./Sources/Events.o
                0x00000ba8                Cpu_OnNMI
 .text.addInt   0x00000bb4       0x20 ./Sources/Math.o
                0x00000bb4                addInt
 .text.main     0x00000bd4       0x20 ./Sources/main.o
                0x00000bd4                main
 .text.__flush_cache
                0x00000bf4       0x14 ./Project_Settings/Startup_Code/startup.o
                0x00000bf4                __flush_cache
 .text.__copy_rom_section
                0x00000c08       0xe4 ./Project_Settings/Startup_Code/startup.o
                0x00000c08                __copy_rom_section
 .text.__copy_rom_sections_to_ram
                0x00000cec       0xc4 ./Project_Settings/Startup_Code/startup.o
                0x00000cec                __copy_rom_sections_to_ram
 .text.zero_fill_bss
                0x00000db0       0xb4 ./Project_Settings/Startup_Code/startup.o
 .text.__init_registers
                0x00000e64        0xc ./Project_Settings/Startup_Code/startup.o
                0x00000e64                __init_registers
 .text.__init_user
                0x00000e70        0xc ./Project_Settings/Startup_Code/startup.o
                0x00000e70                __init_user
 .text.__thumb_startup
                0x00000e7c       0x48 ./Project_Settings/Startup_Code/startup.o
                0x00000e7c                __thumb_startup
 .text.BitIoLdd1_Init
                0x00000ec4       0x80 ./Generated_Code/BitIoLdd1.o
                0x00000ec4                BitIoLdd1_Init
 .text.BitIoLdd1_SetVal
                0x00000f44       0x20 ./Generated_Code/BitIoLdd1.o
                0x00000f44                BitIoLdd1_SetVal
 .text.Components_Init
                0x00000f64       0x1c ./Generated_Code/Cpu.o
                0x00000f64                Components_Init
 .text.Cpu_INT_NMIInterrupt
                0x00000f80       0x1c ./Generated_Code/Cpu.o
                0x00000f80                Cpu_INT_NMIInterrupt
 .text.startup.register_fini
                0x00000f9c       0x14 /usr/local/gcc-arm-none-eabi-4_9-2015q3/bin/../lib/gcc/arm-none-eabi/4.9.3/../../../../arm-none-eabi/lib/armv7e-m/fpu/libg.a(lib_a-__call_atexit.o)
 .text.atexit   0x00000fb0        0xc /usr/local/gcc-arm-none-eabi-4_9-2015q3/bin/../lib/gcc/arm-none-eabi/4.9.3/../../../../arm-none-eabi/lib/armv7e-m/fpu/libg.a(lib_a-atexit.o)
                0x00000fb0                atexit
 .text.__libc_fini_array
                0x00000fbc       0x2c /usr/local/gcc-arm-none-eabi-4_9-2015q3/bin/../lib/gcc/arm-none-eabi/4.9.3/../../../../arm-none-eabi/lib/armv7e-m/fpu/libg.a(lib_a-fini.o)
                0x00000fbc                __libc_fini_array
 .text.__register_exitproc
                0x00000fe8       0xa4 /usr/local/gcc-arm-none-eabi-4_9-2015q3/bin/../lib/gcc/arm-none-eabi/4.9.3/../../../../arm-none-eabi/lib/armv7e-m/fpu/libg.a(lib_a-__atexit.o)
                0x00000fe8                __register_exitproc
 *(.rodata)
 *(.rodata*)
 .rodata.ClockGenModeMatrix
                0x0000108c       0x80 ./Static_Code/System/CPU_Init.o
 .rodata.CPU_ClockConfigDescriptors
                0x0000110c       0x1c ./Static_Code/System/CPU_Init.o
 .rodata.CPU_DefaultFEI
                0x00001128        0x7 ./Static_Code/System/CPU_Init.o
 *fill*         0x0000112f        0x1 
 .rodata.CPU_DefaultFBI
                0x00001130        0x7 ./Static_Code/System/CPU_Init.o
 *fill*         0x00001137        0x1 
 .rodata.CPU_DefaultBLPI
                0x00001138        0x7 ./Static_Code/System/CPU_Init.o
 *fill*         0x0000113f        0x1 
 .rodata.CPU_DefaultFEE
                0x00001140        0x7 ./Static_Code/System/CPU_Init.o
 *fill*         0x00001147        0x1 
 .rodata.CPU_DefaultFBE
                0x00001148        0x7 ./Static_Code/System/CPU_Init.o
 *fill*         0x0000114f        0x1 
 .rodata.CPU_DefaultBLPE
                0x00001150        0x7 ./Static_Code/System/CPU_Init.o
 *fill*         0x00001157        0x1 
 .rodata.CPU_DefaultPBE
                0x00001158        0x7 ./Static_Code/System/CPU_Init.o
 *fill*         0x0000115f        0x1 
 .rodata.CPU_DefaultPEE
                0x00001160        0x7 ./Static_Code/System/CPU_Init.o
 *fill*         0x00001167        0x1 
 .rodata.CPU_ClockGenModeRegs
                0x00001168       0x20 ./Static_Code/System/CPU_Init.o
 .rodata.str1.4
                0x00001188        0x4 /usr/local/gcc-arm-none-eabi-4_9-2015q3/bin/../lib/gcc/arm-none-eabi/4.9.3/../../../../arm-none-eabi/lib/armv7e-m/fpu/libg.a(lib_a-impure.o)
                                  0x2 (size before relaxing)
 .rodata._global_impure_ptr
                0x0000118c        0x4 /usr/local/gcc-arm-none-eabi-4_9-2015q3/bin/../lib/gcc/arm-none-eabi/4.9.3/../../../../arm-none-eabi/lib/armv7e-m/fpu/libg.a(lib_a-impure.o)
                0x0000118c                _global_impure_ptr
 *(.glue_7)
 .glue_7        0x00000000        0x0 linker stubs
 *(.glue_7t)
 .glue_7t       0x00000000        0x0 linker stubs
 *(.eh_frame)
 .eh_frame      0x00001190        0x0 /usr/local/gcc-arm-none-eabi-4_9-2015q3/bin/../lib/gcc/arm-none-eabi/4.9.3/armv7e-m/fpu/crtbegin.o
 *(.init)
 .init          0x00001190        0x4 /usr/local/gcc-arm-none-eabi-4_9-2015q3/bin/../lib/gcc/arm-none-eabi/4.9.3/armv7e-m/fpu/crti.o
                0x00001190                _init
 .init          0x00001194        0x8 /usr/local/gcc-arm-none-eabi-4_9-2015q3/bin/../lib/gcc/arm-none-eabi/4.9.3/armv7e-m/fpu/crtn.o
 *(.fini)
 .fini          0x0000119c        0x4 /usr/local/gcc-arm-none-eabi-4_9-2015q3/bin/../lib/gcc/arm-none-eabi/4.9.3/armv7e-m/fpu/crti.o
                0x0000119c                _fini
 .fini          0x000011a0        0x8 /usr/local/gcc-arm-none-eabi-4_9-2015q3/bin/../lib/gcc/arm-none-eabi/4.9.3/armv7e-m/fpu/crtn.o
                0x000011a8                . = ALIGN (0x4)
                0x000011a8                _etext = .

.vfp11_veneer   0x000011a8        0x0
 .vfp11_veneer  0x00000000        0x0 linker stubs

.v4_bx          0x000011a8        0x0
 .v4_bx         0x00000000        0x0 linker stubs

.iplt           0x000011a8        0x0
 .iplt          0x00000000        0x0 /usr/local/gcc-arm-none-eabi-4_9-2015q3/bin/../lib/gcc/arm-none-eabi/4.9.3/armv7e-m/fpu/crtbegin.o

.rel.dyn        0x000011a8        0x0
 .rel.iplt      0x00000000        0x0 /usr/local/gcc-arm-none-eabi-4_9-2015q3/bin/../lib/gcc/arm-none-eabi/4.9.3/armv7e-m/fpu/crtbegin.o

.ARM.extab
 *(.ARM.extab* .gnu.linkonce.armextab.*)

.ARM            0x000011a8        0x0
                0x000011a8                __exidx_start = .
 *(.ARM.exidx*)
                0x000011a8                __exidx_end = .

.ctors          0x000011a8        0x0
                0x000011a8                __CTOR_LIST__ = .
 *crtbegin.o(.ctors)
 *(EXCLUDE_FILE(*crtend.o) .ctors)
 *(SORT(.ctors.*))
 *(.ctors)
                0x000011a8                __CTOR_END__ = .

.dtors          0x000011a8        0x0
                0x000011a8                __DTOR_LIST__ = .
 *crtbegin.o(.dtors)
 *(EXCLUDE_FILE(*crtend.o) .dtors)
 *(SORT(.dtors.*))
 *(.dtors)
                0x000011a8                __DTOR_END__ = .

.preinit_array  0x000011a8        0x0
                0x000011a8                PROVIDE (__preinit_array_start, .)
 *(.preinit_array*)
                0x000011a8                PROVIDE (__preinit_array_end, .)

.init_array     0x000011a8        0x8
                0x000011a8                PROVIDE (__init_array_start, .)
 *(SORT(.init_array.*))
 .init_array.00000
                0x000011a8        0x4 /usr/local/gcc-arm-none-eabi-4_9-2015q3/bin/../lib/gcc/arm-none-eabi/4.9.3/../../../../arm-none-eabi/lib/armv7e-m/fpu/libg.a(lib_a-__call_atexit.o)
 *(.init_array*)
 .init_array    0x000011ac        0x4 /usr/local/gcc-arm-none-eabi-4_9-2015q3/bin/../lib/gcc/arm-none-eabi/4.9.3/armv7e-m/fpu/crtbegin.o
                0x000011b0                PROVIDE (__init_array_end, .)

.fini_array     0x000011b0        0x4
                0x000011b0                PROVIDE (__fini_array_start, .)
 *(SORT(.fini_array.*))
 *(.fini_array*)
 .fini_array    0x000011b0        0x4 /usr/local/gcc-arm-none-eabi-4_9-2015q3/bin/../lib/gcc/arm-none-eabi/4.9.3/armv7e-m/fpu/crtbegin.o
                0x000011b4                PROVIDE (__fini_array_end, .)
                0x000011b4                ___ROM_AT = .

.data           0x20000000      0x428 load address 0x000011b4
                0x20000000                . = ALIGN (0x4)
                0x20000000                _sdata = .
 *(.data)
 *(.data*)
 .data.impure_data
                0x20000000      0x428 /usr/local/gcc-arm-none-eabi-4_9-2015q3/bin/../lib/gcc/arm-none-eabi/4.9.3/../../../../arm-none-eabi/lib/armv7e-m/fpu/libg.a(lib_a-impure.o)
                0x20000428                . = ALIGN (0x4)
                0x20000428                _edata = .
                0x00000428                ___data_size = (_edata - _sdata)
                0x000015dc                ___m_data_1FFF0000_ROMStart = (___ROM_AT + SIZEOF (.data))

.jcr            0x20000428        0x0 load address 0x000015dc
 .jcr           0x20000428        0x0 /usr/local/gcc-arm-none-eabi-4_9-2015q3/bin/../lib/gcc/arm-none-eabi/4.9.3/armv7e-m/fpu/crtbegin.o

.igot.plt       0x20000428        0x0 load address 0x000015dc
 .igot.plt      0x00000000        0x0 /usr/local/gcc-arm-none-eabi-4_9-2015q3/bin/../lib/gcc/arm-none-eabi/4.9.3/armv7e-m/fpu/crtbegin.o

.m_data_1FFF0000
                0x1fff0000        0x0 load address 0x000015dc
                0x1fff0000                . = ALIGN (0x4)
                0x1fff0000                ___m_data_1FFF0000_RAMStart = .
 *(.m_data_1FFF0000)
                0x1fff0000                ___m_data_1FFF0000_RAMEnd = .
                0x1fff0000                . = ALIGN (0x4)
                0x00000000                ___m_data_1FFF0000_ROMSize = (___m_data_1FFF0000_RAMEnd - ___m_data_1FFF0000_RAMStart)
                0x1fff0000                . = ALIGN (0x4)

.bss            0x20000428       0x4c load address 0x000015dc
                0x20000428                __START_BSS = .
                0x20000428                PROVIDE (__bss_start__, __START_BSS)
 *(.bss)
 .bss           0x20000428       0x1c /usr/local/gcc-arm-none-eabi-4_9-2015q3/bin/../lib/gcc/arm-none-eabi/4.9.3/armv7e-m/fpu/crtbegin.o
 *(.bss*)
 .bss.argv      0x20000444       0x28 ./Project_Settings/Startup_Code/startup.o
 .bss.DeviceDataPrv__DEFAULT_RTOS_ALLOC
                0x2000046c        0x4 ./Generated_Code/BitIoLdd1.o
 .bss.PE_LDD_DeviceDataList
                0x20000470        0x4 ./Generated_Code/PE_LDD.o
                0x20000470                PE_LDD_DeviceDataList
 *(COMMON)
                0x20000474                . = ALIGN (0x4)
                0x20000474                __END_BSS = .
                0x20000474                PROVIDE (__bss_end__, __END_BSS)
                0x000015dc                _romp_at = ((___ROM_AT + SIZEOF (.data)) + SIZEOF (.m_data_1FFF0000))

.romp           0x20000474       0x24 load address 0x000015dc
                0x000015dc                __S_romp = _romp_at
                0x20000474        0x4 LONG 0x11b4 ___ROM_AT
                0x20000478        0x4 LONG 0x20000000 _sdata
                0x2000047c        0x4 LONG 0x428 ___data_size
                0x20000480        0x4 LONG 0x15dc ___m_data_1FFF0000_ROMStart
                0x20000484        0x4 LONG 0x1fff0000 ___m_data_1FFF0000_RAMStart
                0x20000488        0x4 LONG 0x0 ___m_data_1FFF0000_ROMSize
                0x2000048c        0x4 LONG 0x0
                0x20000490        0x4 LONG 0x0
                0x20000494        0x4 LONG 0x0

._user_heap_stack
                0x20000498      0x400 load address 0x00001600
                0x20000498                . = ALIGN (0x4)
                0x20000498                PROVIDE (end, .)
                0x20000498                PROVIDE (_end, .)
                0x20000498                __heap_addr = .
                0x20000498                . = (. + __heap_size)
                0x20000898                . = (. + __stack_size)
 *fill*         0x20000498      0x400 
                0x20000898                . = ALIGN (0x4)

.ARM.attributes
                0x00000000       0x30
 *(.ARM.attributes)
 .ARM.attributes
                0x00000000       0x22 /usr/local/gcc-arm-none-eabi-4_9-2015q3/bin/../lib/gcc/arm-none-eabi/4.9.3/armv7e-m/fpu/crti.o
 .ARM.attributes
                0x00000022       0x34 /usr/local/gcc-arm-none-eabi-4_9-2015q3/bin/../lib/gcc/arm-none-eabi/4.9.3/armv7e-m/fpu/crtbegin.o
 .ARM.attributes
                0x00000056       0x39 ./Static_Code/System/CPU_Init.o
 .ARM.attributes
                0x0000008f       0x39 ./Static_Code/System/Vectors.o
 .ARM.attributes
                0x000000c8       0x39 ./Sources/Events.o
 .ARM.attributes
                0x00000101       0x39 ./Sources/Math.o
 .ARM.attributes
                0x0000013a       0x39 ./Sources/main.o
 .ARM.attributes
                0x00000173       0x39 ./Project_Settings/Startup_Code/startup.o
 .ARM.attributes
                0x000001ac       0x39 ./Generated_Code/BitIoLdd1.o
 .ARM.attributes
                0x000001e5       0x39 ./Generated_Code/Cpu.o
 .ARM.attributes
                0x0000021e       0x39 ./Generated_Code/PE_LDD.o
 .ARM.attributes
                0x00000257       0x34 /usr/local/gcc-arm-none-eabi-4_9-2015q3/bin/../lib/gcc/arm-none-eabi/4.9.3/../../../../arm-none-eabi/lib/armv7e-m/fpu/libg.a(lib_a-impure.o)
 .ARM.attributes
                0x0000028b       0x34 /usr/local/gcc-arm-none-eabi-4_9-2015q3/bin/../lib/gcc/arm-none-eabi/4.9.3/../../../../arm-none-eabi/lib/armv7e-m/fpu/libg.a(lib_a-__call_atexit.o)
 .ARM.attributes
                0x000002bf       0x34 /usr/local/gcc-arm-none-eabi-4_9-2015q3/bin/../lib/gcc/arm-none-eabi/4.9.3/../../../../arm-none-eabi/lib/armv7e-m/fpu/libg.a(lib_a-atexit.o)
 .ARM.attributes
                0x000002f3       0x34 /usr/local/gcc-arm-none-eabi-4_9-2015q3/bin/../lib/gcc/arm-none-eabi/4.9.3/../../../../arm-none-eabi/lib/armv7e-m/fpu/libg.a(lib_a-fini.o)
 .ARM.attributes
                0x00000327       0x34 /usr/local/gcc-arm-none-eabi-4_9-2015q3/bin/../lib/gcc/arm-none-eabi/4.9.3/../../../../arm-none-eabi/lib/armv7e-m/fpu/libg.a(lib_a-__atexit.o)
 .ARM.attributes
                0x0000035b       0x22 /usr/local/gcc-arm-none-eabi-4_9-2015q3/bin/../lib/gcc/arm-none-eabi/4.9.3/armv7e-m/fpu/crtn.o
OUTPUT(MCUMathLib.elf elf32-littlearm)

.debug_info     0x00000000     0x2027
 .debug_info    0x00000000      0xa7f ./Static_Code/System/CPU_Init.o
 .debug_info    0x00000a7f      0x825 ./Static_Code/System/Vectors.o
 .debug_info    0x000012a4       0x96 ./Sources/Events.o
 .debug_info    0x0000133a      0x101 ./Sources/Math.o
 .debug_info    0x0000143b       0xc6 ./Sources/main.o
 .debug_info    0x00001501      0x308 ./Project_Settings/Startup_Code/startup.o
 .debug_info    0x00001809      0x503 ./Generated_Code/BitIoLdd1.o
 .debug_info    0x00001d0c       0xca ./Generated_Code/Cpu.o
 .debug_info    0x00001dd6      0x251 ./Generated_Code/PE_LDD.o

.debug_abbrev   0x00000000      0x80f
 .debug_abbrev  0x00000000      0x1bf ./Static_Code/System/CPU_Init.o
 .debug_abbrev  0x000001bf       0xd8 ./Static_Code/System/Vectors.o
 .debug_abbrev  0x00000297       0x45 ./Sources/Events.o
 .debug_abbrev  0x000002dc       0x9b ./Sources/Math.o
 .debug_abbrev  0x00000377       0x7d ./Sources/main.o
 .debug_abbrev  0x000003f4      0x148 ./Project_Settings/Startup_Code/startup.o
 .debug_abbrev  0x0000053c      0x14e ./Generated_Code/BitIoLdd1.o
 .debug_abbrev  0x0000068a       0x78 ./Generated_Code/Cpu.o
 .debug_abbrev  0x00000702      0x10d ./Generated_Code/PE_LDD.o

.debug_aranges  0x00000000      0x4e0
 .debug_aranges
                0x00000000       0x40 ./Static_Code/System/CPU_Init.o
 .debug_aranges
                0x00000040      0x340 ./Static_Code/System/Vectors.o
 .debug_aranges
                0x00000380       0x20 ./Sources/Events.o
 .debug_aranges
                0x000003a0       0x28 ./Sources/Math.o
 .debug_aranges
                0x000003c8       0x20 ./Sources/main.o
 .debug_aranges
                0x000003e8       0x60 ./Project_Settings/Startup_Code/startup.o
 .debug_aranges
                0x00000448       0x40 ./Generated_Code/BitIoLdd1.o
 .debug_aranges
                0x00000488       0x28 ./Generated_Code/Cpu.o
 .debug_aranges
                0x000004b0       0x30 ./Generated_Code/PE_LDD.o

.debug_ranges   0x00000000      0x450
 .debug_ranges  0x00000000       0x30 ./Static_Code/System/CPU_Init.o
 .debug_ranges  0x00000030      0x330 ./Static_Code/System/Vectors.o
 .debug_ranges  0x00000360       0x10 ./Sources/Events.o
 .debug_ranges  0x00000370       0x18 ./Sources/Math.o
 .debug_ranges  0x00000388       0x10 ./Sources/main.o
 .debug_ranges  0x00000398       0x50 ./Project_Settings/Startup_Code/startup.o
 .debug_ranges  0x000003e8       0x30 ./Generated_Code/BitIoLdd1.o
 .debug_ranges  0x00000418       0x18 ./Generated_Code/Cpu.o
 .debug_ranges  0x00000430       0x20 ./Generated_Code/PE_LDD.o

.debug_macro    0x00000000    0x1cfe9
 .debug_macro   0x00000000      0x179 ./Static_Code/System/CPU_Init.o
 .debug_macro   0x00000179      0x86e ./Static_Code/System/CPU_Init.o
 .debug_macro   0x000009e7       0x22 ./Static_Code/System/CPU_Init.o
 .debug_macro   0x00000a09       0x44 ./Static_Code/System/CPU_Init.o
 .debug_macro   0x00000a4d       0xe3 ./Static_Code/System/CPU_Init.o
 .debug_macro   0x00000b30       0x22 ./Static_Code/System/CPU_Init.o
 .debug_macro   0x00000b52      0x1df ./Static_Code/System/CPU_Init.o
 .debug_macro   0x00000d31     0x1775 ./Static_Code/System/CPU_Init.o
 .debug_macro   0x000024a6    0x10f7a ./Static_Code/System/CPU_Init.o
 .debug_macro   0x00013420      0x472 ./Static_Code/System/CPU_Init.o
 .debug_macro   0x00013892      0x14e ./Static_Code/System/CPU_Init.o
 .debug_macro   0x000139e0       0x6a ./Static_Code/System/CPU_Init.o
 .debug_macro   0x00013a4a       0x58 ./Static_Code/System/CPU_Init.o
 .debug_macro   0x00013aa2       0x35 ./Static_Code/System/CPU_Init.o
 .debug_macro   0x00013ad7       0x9c ./Static_Code/System/CPU_Init.o
 .debug_macro   0x00013b73       0x16 ./Static_Code/System/CPU_Init.o
 .debug_macro   0x00013b89       0x94 ./Static_Code/System/CPU_Init.o
 .debug_macro   0x00013c1d      0x12b ./Static_Code/System/CPU_Init.o
 .debug_macro   0x00013d48       0x40 ./Static_Code/System/CPU_Init.o
 .debug_macro   0x00013d88       0x20 ./Static_Code/System/CPU_Init.o
 .debug_macro   0x00013da8       0x47 ./Static_Code/System/CPU_Init.o
 .debug_macro   0x00013def      0x294 ./Static_Code/System/CPU_Init.o
 .debug_macro   0x00014083      0x167 ./Static_Code/System/Vectors.o
 .debug_macro   0x000141ea      0x29d ./Sources/Events.o
 .debug_macro   0x00014487      0x61c ./Sources/Events.o
 .debug_macro   0x00014aa3      0x626 ./Sources/Events.o
 .debug_macro   0x000150c9      0x327 ./Sources/Events.o
 .debug_macro   0x000153f0      0x1e8 ./Sources/Events.o
 .debug_macro   0x000155d8      0x109 ./Sources/Events.o
 .debug_macro   0x000156e1      0x17e ./Sources/Events.o
 .debug_macro   0x0001585f      0x200 ./Sources/Events.o
 .debug_macro   0x00015a5f      0x91e ./Sources/Events.o
 .debug_macro   0x0001637d      0x588 ./Sources/Events.o
 .debug_macro   0x00016905       0x9e ./Sources/Events.o
 .debug_macro   0x000169a3      0x1f7 ./Sources/Events.o
 .debug_macro   0x00016b9a      0x50f ./Sources/Events.o
 .debug_macro   0x000170a9      0x6a6 ./Sources/Events.o
 .debug_macro   0x0001774f      0x297 ./Sources/Events.o
 .debug_macro   0x000179e6      0x318 ./Sources/Events.o
 .debug_macro   0x00017cfe      0x25a ./Sources/Events.o
 .debug_macro   0x00017f58      0x13d ./Sources/Events.o
 .debug_macro   0x00018095      0x30b ./Sources/Events.o
 .debug_macro   0x000183a0       0xba ./Sources/Events.o
 .debug_macro   0x0001845a       0xe9 ./Sources/Events.o
 .debug_macro   0x00018543      0x4e9 ./Sources/Events.o
 .debug_macro   0x00018a2c      0x191 ./Sources/Events.o
 .debug_macro   0x00018bbd       0xea ./Sources/Events.o
 .debug_macro   0x00018ca7      0x348 ./Sources/Events.o
 .debug_macro   0x00018fef      0x7d6 ./Sources/Events.o
 .debug_macro   0x000197c5      0x179 ./Sources/Events.o
 .debug_macro   0x0001993e      0x645 ./Sources/Events.o
 .debug_macro   0x00019f83      0x892 ./Sources/Events.o
 .debug_macro   0x0001a815      0x11c ./Sources/Events.o
 .debug_macro   0x0001a931      0x648 ./Sources/Events.o
 .debug_macro   0x0001af79       0x81 ./Sources/Events.o
 .debug_macro   0x0001affa      0x7bf ./Sources/Events.o
 .debug_macro   0x0001b7b9      0x10f ./Sources/Events.o
 .debug_macro   0x0001b8c8      0x614 ./Sources/Events.o
 .debug_macro   0x0001bedc      0x181 ./Sources/Events.o
 .debug_macro   0x0001c05d      0x158 ./Sources/Math.o
 .debug_macro   0x0001c1b5      0x2a1 ./Sources/main.o
 .debug_macro   0x0001c456      0x102 ./Project_Settings/Startup_Code/startup.o
 .debug_macro   0x0001c558      0x166 ./Project_Settings/Startup_Code/startup.o
 .debug_macro   0x0001c6be       0x4a ./Project_Settings/Startup_Code/startup.o
 .debug_macro   0x0001c708       0x52 ./Project_Settings/Startup_Code/startup.o
 .debug_macro   0x0001c75a       0x16 ./Project_Settings/Startup_Code/startup.o
 .debug_macro   0x0001c770       0x43 ./Project_Settings/Startup_Code/startup.o
 .debug_macro   0x0001c7b3      0x180 ./Project_Settings/Startup_Code/startup.o
 .debug_macro   0x0001c933      0x29d ./Project_Settings/Startup_Code/startup.o
 .debug_macro   0x0001cbd0       0x10 ./Project_Settings/Startup_Code/startup.o
 .debug_macro   0x0001cbe0       0x35 ./Project_Settings/Startup_Code/startup.o
 .debug_macro   0x0001cc15       0x16 ./Project_Settings/Startup_Code/startup.o
 .debug_macro   0x0001cc2b       0x22 ./Project_Settings/Startup_Code/startup.o
 .debug_macro   0x0001cc4d      0x106 ./Generated_Code/BitIoLdd1.o
 .debug_macro   0x0001cd53      0x168 ./Generated_Code/Cpu.o
 .debug_macro   0x0001cebb      0x12e ./Generated_Code/PE_LDD.o

.debug_line     0x00000000     0x30d0
 .debug_line    0x00000000      0x5a9 ./Static_Code/System/CPU_Init.o
 .debug_line    0x000005a9      0xb5c ./Static_Code/System/Vectors.o
 .debug_line    0x00001105      0x5d9 ./Sources/Events.o
 .debug_line    0x000016de      0x408 ./Sources/Math.o
 .debug_line    0x00001ae6      0x5ea ./Sources/main.o
 .debug_line    0x000020d0      0x344 ./Project_Settings/Startup_Code/startup.o
 .debug_line    0x00002414      0x413 ./Generated_Code/BitIoLdd1.o
 .debug_line    0x00002827      0x49a ./Generated_Code/Cpu.o
 .debug_line    0x00002cc1      0x40f ./Generated_Code/PE_LDD.o

.debug_str      0x00000000    0xe23fe
 .debug_str     0x00000000    0x6bb2e ./Static_Code/System/CPU_Init.o
                              0x6bcf4 (size before relaxing)
 .debug_str     0x0006bb2e      0x984 ./Static_Code/System/Vectors.o
                              0x6c133 (size before relaxing)
 .debug_str     0x0006c4b2    0x73a22 ./Sources/Events.o
                              0xde16c (size before relaxing)
 .debug_str     0x000dfed4       0x37 ./Sources/Math.o
                              0x6a799 (size before relaxing)
 .debug_str     0x000dff0b       0x1c ./Sources/main.o
                              0xde171 (size before relaxing)
 .debug_str     0x000dff27     0x21f9 ./Project_Settings/Startup_Code/startup.o
                               0x4dad (size before relaxing)
 .debug_str     0x000e2120      0x157 ./Generated_Code/BitIoLdd1.o
                              0x6a764 (size before relaxing)
 .debug_str     0x000e2277       0x28 ./Generated_Code/Cpu.o
                              0x6a7ad (size before relaxing)
 .debug_str     0x000e229f      0x15f ./Generated_Code/PE_LDD.o
                              0x6a90f (size before relaxing)

.comment        0x00000000       0x70
 .comment       0x00000000       0x70 ./Static_Code/System/CPU_Init.o
                                 0x71 (size before relaxing)
 .comment       0x00000000       0x71 ./Static_Code/System/Vectors.o
 .comment       0x00000000       0x71 ./Sources/Events.o
 .comment       0x00000000       0x71 ./Sources/Math.o
 .comment       0x00000000       0x71 ./Sources/main.o
 .comment       0x00000000       0x71 ./Project_Settings/Startup_Code/startup.o
 .comment       0x00000000       0x71 ./Generated_Code/BitIoLdd1.o
 .comment       0x00000000       0x71 ./Generated_Code/Cpu.o
 .comment       0x00000000       0x71 ./Generated_Code/PE_LDD.o

.debug_frame    0x00000000     0x1520
 .debug_frame   0x00000000       0xb8 ./Static_Code/System/CPU_Init.o
 .debug_frame   0x000000b8      0xfd8 ./Static_Code/System/Vectors.o
 .debug_frame   0x00001090       0x30 ./Sources/Events.o
 .debug_frame   0x000010c0       0x58 ./Sources/Math.o
 .debug_frame   0x00001118       0x30 ./Sources/main.o
 .debug_frame   0x00001148      0x14c ./Project_Settings/Startup_Code/startup.o
 .debug_frame   0x00001294       0xd8 ./Generated_Code/BitIoLdd1.o
 .debug_frame   0x0000136c       0x58 ./Generated_Code/Cpu.o
 .debug_frame   0x000013c4       0x84 ./Generated_Code/PE_LDD.o
 .debug_frame   0x00001448       0x50 /usr/local/gcc-arm-none-eabi-4_9-2015q3/bin/../lib/gcc/arm-none-eabi/4.9.3/../../../../arm-none-eabi/lib/armv7e-m/fpu/libg.a(lib_a-__call_atexit.o)
 .debug_frame   0x00001498       0x20 /usr/local/gcc-arm-none-eabi-4_9-2015q3/bin/../lib/gcc/arm-none-eabi/4.9.3/../../../../arm-none-eabi/lib/armv7e-m/fpu/libg.a(lib_a-atexit.o)
 .debug_frame   0x000014b8       0x34 /usr/local/gcc-arm-none-eabi-4_9-2015q3/bin/../lib/gcc/arm-none-eabi/4.9.3/../../../../arm-none-eabi/lib/armv7e-m/fpu/libg.a(lib_a-fini.o)
 .debug_frame   0x000014ec       0x34 /usr/local/gcc-arm-none-eabi-4_9-2015q3/bin/../lib/gcc/arm-none-eabi/4.9.3/../../../../arm-none-eabi/lib/armv7e-m/fpu/libg.a(lib_a-__atexit.o)
