Archive member included because of file (symbol)

/usr/local/gcc-arm-none-eabi-4_9-2015q3/bin/../lib/gcc/arm-none-eabi/4.9.3/../../../../arm-none-eabi/lib/armv7e-m/fpu/libg.a(lib_a-exit.o)
                              /usr/local/gcc-arm-none-eabi-4_9-2015q3/bin/../lib/gcc/arm-none-eabi/4.9.3/../../../../arm-none-eabi/lib/armv7e-m/fpu/crt0.o (exit)
/usr/local/gcc-arm-none-eabi-4_9-2015q3/bin/../lib/gcc/arm-none-eabi/4.9.3/../../../../arm-none-eabi/lib/armv7e-m/fpu/libg.a(lib_a-impure.o)
                              /usr/local/gcc-arm-none-eabi-4_9-2015q3/bin/../lib/gcc/arm-none-eabi/4.9.3/../../../../arm-none-eabi/lib/armv7e-m/fpu/libg.a(lib_a-exit.o) (_global_impure_ptr)
/usr/local/gcc-arm-none-eabi-4_9-2015q3/bin/../lib/gcc/arm-none-eabi/4.9.3/../../../../arm-none-eabi/lib/armv7e-m/fpu/libg.a(lib_a-init.o)
                              /usr/local/gcc-arm-none-eabi-4_9-2015q3/bin/../lib/gcc/arm-none-eabi/4.9.3/../../../../arm-none-eabi/lib/armv7e-m/fpu/crt0.o (__libc_init_array)
/usr/local/gcc-arm-none-eabi-4_9-2015q3/bin/../lib/gcc/arm-none-eabi/4.9.3/../../../../arm-none-eabi/lib/armv7e-m/fpu/libg.a(lib_a-memset.o)
                              /usr/local/gcc-arm-none-eabi-4_9-2015q3/bin/../lib/gcc/arm-none-eabi/4.9.3/../../../../arm-none-eabi/lib/armv7e-m/fpu/crt0.o (memset)
/usr/local/gcc-arm-none-eabi-4_9-2015q3/bin/../lib/gcc/arm-none-eabi/4.9.3/../../../../arm-none-eabi/lib/armv7e-m/fpu/libg.a(lib_a-__call_atexit.o)
                              /usr/local/gcc-arm-none-eabi-4_9-2015q3/bin/../lib/gcc/arm-none-eabi/4.9.3/../../../../arm-none-eabi/lib/armv7e-m/fpu/libg.a(lib_a-exit.o) (__call_exitprocs)
/usr/local/gcc-arm-none-eabi-4_9-2015q3/bin/../lib/gcc/arm-none-eabi/4.9.3/../../../../arm-none-eabi/lib/armv7e-m/fpu/libg.a(lib_a-atexit.o)
                              /usr/local/gcc-arm-none-eabi-4_9-2015q3/bin/../lib/gcc/arm-none-eabi/4.9.3/../../../../arm-none-eabi/lib/armv7e-m/fpu/libg.a(lib_a-__call_atexit.o) (atexit)
/usr/local/gcc-arm-none-eabi-4_9-2015q3/bin/../lib/gcc/arm-none-eabi/4.9.3/../../../../arm-none-eabi/lib/armv7e-m/fpu/libg.a(lib_a-fini.o)
                              /usr/local/gcc-arm-none-eabi-4_9-2015q3/bin/../lib/gcc/arm-none-eabi/4.9.3/../../../../arm-none-eabi/lib/armv7e-m/fpu/libg.a(lib_a-__call_atexit.o) (__libc_fini_array)
/usr/local/gcc-arm-none-eabi-4_9-2015q3/bin/../lib/gcc/arm-none-eabi/4.9.3/../../../../arm-none-eabi/lib/armv7e-m/fpu/libg.a(lib_a-__atexit.o)
                              /usr/local/gcc-arm-none-eabi-4_9-2015q3/bin/../lib/gcc/arm-none-eabi/4.9.3/../../../../arm-none-eabi/lib/armv7e-m/fpu/libg.a(lib_a-atexit.o) (__register_exitproc)

Allocating common symbols
Common symbol       size              file

SR_reg              0x1               ./Static_Code/System/CPU_Init.o

Discarded input sections

 .text          0x00000000        0x0 /usr/local/gcc-arm-none-eabi-4_9-2015q3/bin/../lib/gcc/arm-none-eabi/4.9.3/armv7e-m/fpu/crti.o
 .data          0x00000000        0x0 /usr/local/gcc-arm-none-eabi-4_9-2015q3/bin/../lib/gcc/arm-none-eabi/4.9.3/armv7e-m/fpu/crti.o
 .bss           0x00000000        0x0 /usr/local/gcc-arm-none-eabi-4_9-2015q3/bin/../lib/gcc/arm-none-eabi/4.9.3/armv7e-m/fpu/crti.o
 .data          0x00000000        0x4 /usr/local/gcc-arm-none-eabi-4_9-2015q3/bin/../lib/gcc/arm-none-eabi/4.9.3/armv7e-m/fpu/crtbegin.o
 .text          0x00000000       0x74 /usr/local/gcc-arm-none-eabi-4_9-2015q3/bin/../lib/gcc/arm-none-eabi/4.9.3/../../../../arm-none-eabi/lib/armv7e-m/fpu/crt0.o
 .data          0x00000000        0x0 /usr/local/gcc-arm-none-eabi-4_9-2015q3/bin/../lib/gcc/arm-none-eabi/4.9.3/../../../../arm-none-eabi/lib/armv7e-m/fpu/crt0.o
 .bss           0x00000000        0x0 /usr/local/gcc-arm-none-eabi-4_9-2015q3/bin/../lib/gcc/arm-none-eabi/4.9.3/../../../../arm-none-eabi/lib/armv7e-m/fpu/crt0.o
 .ARM.extab     0x00000000        0x0 /usr/local/gcc-arm-none-eabi-4_9-2015q3/bin/../lib/gcc/arm-none-eabi/4.9.3/../../../../arm-none-eabi/lib/armv7e-m/fpu/crt0.o
 .ARM.exidx     0x00000000        0x8 /usr/local/gcc-arm-none-eabi-4_9-2015q3/bin/../lib/gcc/arm-none-eabi/4.9.3/../../../../arm-none-eabi/lib/armv7e-m/fpu/crt0.o
 .ARM.attributes
                0x00000000       0x20 /usr/local/gcc-arm-none-eabi-4_9-2015q3/bin/../lib/gcc/arm-none-eabi/4.9.3/../../../../arm-none-eabi/lib/armv7e-m/fpu/crt0.o
 .group         0x00000000        0x8 ./Static_Code/System/CPU_Init.o
 .group         0x00000000        0x8 ./Static_Code/System/CPU_Init.o
 .group         0x00000000        0x8 ./Static_Code/System/CPU_Init.o
 .group         0x00000000        0x8 ./Static_Code/System/CPU_Init.o
 .group         0x00000000        0x8 ./Static_Code/System/CPU_Init.o
 .group         0x00000000        0x8 ./Static_Code/System/CPU_Init.o
 .group         0x00000000        0x8 ./Static_Code/System/CPU_Init.o
 .group         0x00000000        0x8 ./Static_Code/System/CPU_Init.o
 .group         0x00000000        0x8 ./Static_Code/System/CPU_Init.o
[...]
Memory Configuration

Name             Origin             Length             Attributes
m_interrupts     0x00000000         0x00000198         xr
m_text           0x00000410         0x000ffbf0         xr
m_data_1FFF0000  0x1fff0000         0x00010000         rw
m_data           0x20000000         0x00030000         rw
m_cfmprotrom     0x00000400         0x00000010         xr
*default*        0x00000000         0xffffffff

Linker script and memory map

LOAD /usr/local/gcc-arm-none-eabi-4_9-2015q3/bin/../lib/gcc/arm-none-eabi/4.9.3/armv7e-m/fpu/crti.o
LOAD /usr/local/gcc-arm-none-eabi-4_9-2015q3/bin/../lib/gcc/arm-none-eabi/4.9.3/armv7e-m/fpu/crtbegin.o
LOAD /usr/local/gcc-arm-none-eabi-4_9-2015q3/bin/../lib/gcc/arm-none-eabi/4.9.3/../../../../arm-none-eabi/lib/armv7e-m/fpu/crt0.o
LOAD ./Static_Code/System/CPU_Init.o
LOAD ./Static_Code/System/Peripherals_Init.o
LOAD ./Static_Code/System/Vectors.o
LOAD ./Static_Code/Peripherals/ADC0_Init.o
LOAD ./Static_Code/Peripherals/ADC1_Init.o
LOAD ./Static_Code/Peripherals/AIPS0_Init.o
LOAD ./Static_Code/Peripherals/AIPS1_Init.o
LOAD ./Static_Code/Peripherals/AXBS_Init.o
LOAD ./Static_Code/Peripherals/CAN0_Init.o
LOAD ./Static_Code/Peripherals/CMP0_Init.o
LOAD ./Static_Code/Peripherals/CMP1_Init.o
LOAD ./Static_Code/Peripherals/CMP2_Init.o
LOAD ./Static_Code/Peripherals/CMT_Init.o
LOAD ./Static_Code/Peripherals/CRC_Init.o
LOAD ./Static_Code/Peripherals/DAC0_Init.o
LOAD ./Static_Code/Peripherals/DMAMUX_Init.o
LOAD ./Static_Code/Peripherals/DMA_Init.o
LOAD ./Static_Code/Peripherals/ENET_Init.o
LOAD ./Static_Code/Peripherals/EWM_Init.o
LOAD ./Static_Code/Peripherals/FB_Init.o
LOAD ./Static_Code/Peripherals/FMC_Init.o
LOAD ./Static_Code/Peripherals/FTFE_Init.o
LOAD ./Static_Code/Peripherals/FTM0_Init.o
LOAD ./Static_Code/Peripherals/FTM1_Init.o
LOAD ./Static_Code/Peripherals/FTM2_Init.o
LOAD ./Static_Code/Peripherals/FTM3_Init.o
LOAD ./Static_Code/Peripherals/I2C0_Init.o
LOAD ./Static_Code/Peripherals/I2C1_Init.o
LOAD ./Static_Code/Peripherals/I2C2_Init.o
LOAD ./Static_Code/Peripherals/I2S0_Init.o
LOAD ./Static_Code/Peripherals/LLWU_Init.o
LOAD ./Static_Code/Peripherals/LPTMR0_Init.o
LOAD ./Static_Code/Peripherals/MCM_Init.o
LOAD ./Static_Code/Peripherals/MPU_Init.o
LOAD ./Static_Code/Peripherals/NVIC_Init.o
LOAD ./Static_Code/Peripherals/PDB0_Init.o
LOAD ./Static_Code/Peripherals/PIT_Init.o
LOAD ./Static_Code/Peripherals/PMC_Init.o
LOAD ./Static_Code/Peripherals/PORTA_Init.o
LOAD ./Static_Code/Peripherals/PORTB_Init.o
LOAD ./Static_Code/Peripherals/PORTC_Init.o
LOAD ./Static_Code/Peripherals/PORTD_Init.o
LOAD ./Static_Code/Peripherals/PORTE_Init.o
LOAD ./Static_Code/Peripherals/PTA_Init.o
LOAD ./Static_Code/Peripherals/PTB_Init.o
LOAD ./Static_Code/Peripherals/PTC_Init.o
LOAD ./Static_Code/Peripherals/PTD_Init.o
LOAD ./Static_Code/Peripherals/PTE_Init.o
LOAD ./Static_Code/Peripherals/RCM_Init.o
LOAD ./Static_Code/Peripherals/RNG_Init.o
LOAD ./Static_Code/Peripherals/RTC_Init.o
LOAD ./Static_Code/Peripherals/SDHC_Init.o
LOAD ./Static_Code/Peripherals/SIM_Init.o
LOAD ./Static_Code/Peripherals/SMC_Init.o
LOAD ./Static_Code/Peripherals/SPI0_Init.o
LOAD ./Static_Code/Peripherals/SPI1_Init.o
LOAD ./Static_Code/Peripherals/SPI2_Init.o
LOAD ./Static_Code/Peripherals/SysTick_Init.o
LOAD ./Static_Code/Peripherals/SystemControl_Init.o
LOAD ./Static_Code/Peripherals/UART0_Init.o
LOAD ./Static_Code/Peripherals/UART1_Init.o
LOAD ./Static_Code/Peripherals/UART2_Init.o
LOAD ./Static_Code/Peripherals/UART3_Init.o
LOAD ./Static_Code/Peripherals/UART4_Init.o
LOAD ./Static_Code/Peripherals/UART5_Init.o
LOAD ./Static_Code/Peripherals/USB0_Init.o
LOAD ./Static_Code/Peripherals/USBDCD_Init.o
LOAD ./Static_Code/Peripherals/VREF_Init.o
LOAD ./Static_Code/Peripherals/WDOG_Init.o
LOAD ./Sources/Events.o
LOAD ./Sources/Math.o
LOAD ./Sources/main.o
LOAD ./Project_Settings/Startup_Code/startup.o
LOAD ./Generated_Code/Cpu.o
LOAD ./Generated_Code/PE_LDD.o
LOAD /usr/local/gcc-arm-none-eabi-4_9-2015q3/bin/../lib/gcc/arm-none-eabi/4.9.3/../../../../arm-none-eabi/lib/armv7e-m/fpu/libstdc++.a
LOAD /usr/local/gcc-arm-none-eabi-4_9-2015q3/bin/../lib/gcc/arm-none-eabi/4.9.3/../../../../arm-none-eabi/lib/armv7e-m/fpu/libm.a
START GROUP
LOAD /usr/local/gcc-arm-none-eabi-4_9-2015q3/bin/../lib/gcc/arm-none-eabi/4.9.3/armv7e-m/fpu/libgcc.a
LOAD /usr/local/gcc-arm-none-eabi-4_9-2015q3/bin/../lib/gcc/arm-none-eabi/4.9.3/../../../../arm-none-eabi/lib/armv7e-m/fpu/libg.a
LOAD /usr/local/gcc-arm-none-eabi-4_9-2015q3/bin/../lib/gcc/arm-none-eabi/4.9.3/../../../../arm-none-eabi/lib/armv7e-m/fpu/libc.a
END GROUP
LOAD /usr/local/gcc-arm-none-eabi-4_9-2015q3/bin/../lib/gcc/arm-none-eabi/4.9.3/armv7e-m/fpu/crtend.o
LOAD /usr/local/gcc-arm-none-eabi-4_9-2015q3/bin/../lib/gcc/arm-none-eabi/4.9.3/armv7e-m/fpu/crtn.o
                0x20030000                _estack = 0x20030000
                0x20030000                __SP_INIT = _estack
                0x00000000                __heap_size = 0x0
                0x00000400                __stack_size = 0x400

.interrupts     0x00000000      0x198
                0x00000000                __vector_table = .
                0x00000000                . = ALIGN (0x4)
 *(.vectortable)
 .vectortable   0x00000000      0x198 ./Static_Code/System/Vectors.o
                0x00000000                __vect_table
                0x00000198                . = ALIGN (0x4)

.cfmprotect     0x00000400       0x10
                0x00000400                . = ALIGN (0x4)
 *(.cfmconfig)
 .cfmconfig     0x00000400       0x10 ./Static_Code/System/CPU_Init.o
                0x00000400                _cfm
                0x00000410                . = ALIGN (0x4)

.text           0x00000410      0xcac
                0x00000410                . = ALIGN (0x4)
 *(.text)
 .text          0x00000410       0x5c /usr/local/gcc-arm-none-eabi-4_9-2015q3/bin/../lib/gcc/arm-none-eabi/4.9.3/armv7e-m/fpu/crtbegin.o
 *(.text*)
 .text.CPU_SetBASEPRI
                0x0000046c       0x18 ./Static_Code/System/CPU_Init.o
                0x0000046c                CPU_SetBASEPRI
 .text.__init_hardware
                0x00000484       0x84 ./Static_Code/System/CPU_Init.o
                0x00000484                __init_hardware
 .text.PE_low_level_init
                0x00000508       0x4c ./Static_Code/System/CPU_Init.o
                0x00000508                PE_low_level_init
 .text.CPU_GetClockGenMode
                0x00000554       0x90 ./Static_Code/System/CPU_Init.o
                0x00000554                CPU_GetClockGenMode
 .text.CPU_SetClockConfigGenMode
                0x000005e4      0x5a8 ./Static_Code/System/CPU_Init.o
                0x000005e4                CPU_SetClockConfigGenMode
 .text.UnhandledInterrupt
                0x00000b8c       0x18 ./Static_Code/System/Vectors.o
                0x00000b8c                UnhandledInterrupt
 .text.Cpu_OnNMI
                0x00000ba4        0xc ./Sources/Events.o
                0x00000ba4                Cpu_OnNMI
 .text.main     0x00000bb0       0x14 ./Sources/main.o
                0x00000bb0                main
 .text.__flush_cache
                0x00000bc4       0x14 ./Project_Settings/Startup_Code/startup.o
                0x00000bc4                __flush_cache
 .text.__copy_rom_section
                0x00000bd8       0xe4 ./Project_Settings/Startup_Code/startup.o
                0x00000bd8                __copy_rom_section
 .text.__copy_rom_sections_to_ram
                0x00000cbc       0xc4 ./Project_Settings/Startup_Code/startup.o
                0x00000cbc                __copy_rom_sections_to_ram
 .text.zero_fill_bss
                0x00000d80       0xb4 ./Project_Settings/Startup_Code/startup.o
 .text.__init_registers
                0x00000e34        0xc ./Project_Settings/Startup_Code/startup.o
                0x00000e34                __init_registers
 .text.__init_user
                0x00000e40        0xc ./Project_Settings/Startup_Code/startup.o
                0x00000e40                __init_user
 .text.__thumb_startup
                0x00000e4c       0x48 ./Project_Settings/Startup_Code/startup.o
                0x00000e4c                __thumb_startup
 .text.Cpu_INT_NMIInterrupt
                0x00000e94       0x1c ./Generated_Code/Cpu.o
                0x00000e94                Cpu_INT_NMIInterrupt
 .text.startup.register_fini
                0x00000eb0       0x14 /usr/local/gcc-arm-none-eabi-4_9-2015q3/bin/../lib/gcc/arm-none-eabi/4.9.3/../../../../arm-none-eabi/lib/armv7e-m/fpu/libg.a(lib_a-__call_atexit.o)
 .text.atexit   0x00000ec4        0xc /usr/local/gcc-arm-none-eabi-4_9-2015q3/bin/../lib/gcc/arm-none-eabi/4.9.3/../../../../arm-none-eabi/lib/armv7e-m/fpu/libg.a(lib_a-atexit.o)
                0x00000ec4                atexit
 .text.__libc_fini_array
                0x00000ed0       0x2c /usr/local/gcc-arm-none-eabi-4_9-2015q3/bin/../lib/gcc/arm-none-eabi/4.9.3/../../../../arm-none-eabi/lib/armv7e-m/fpu/libg.a(lib_a-fini.o)
                0x00000ed0                __libc_fini_array
 .text.__register_exitproc
                0x00000efc       0xa4 /usr/local/gcc-arm-none-eabi-4_9-2015q3/bin/../lib/gcc/arm-none-eabi/4.9.3/../../../../arm-none-eabi/lib/armv7e-m/fpu/libg.a(lib_a-__atexit.o)
                0x00000efc                __register_exitproc
 *(.rodata)
 *(.rodata*)
 .rodata.ClockGenModeMatrix
                0x00000fa0       0x80 ./Static_Code/System/CPU_Init.o
 .rodata.CPU_ClockConfigDescriptors
                0x00001020       0x1c ./Static_Code/System/CPU_Init.o
 .rodata.CPU_DefaultFEI
                0x0000103c        0x7 ./Static_Code/System/CPU_Init.o
 *fill*         0x00001043        0x1 
 .rodata.CPU_DefaultFBI
                0x00001044        0x7 ./Static_Code/System/CPU_Init.o
 *fill*         0x0000104b        0x1 
 .rodata.CPU_DefaultBLPI
                0x0000104c        0x7 ./Static_Code/System/CPU_Init.o
 *fill*         0x00001053        0x1 
 .rodata.CPU_DefaultFEE
                0x00001054        0x7 ./Static_Code/System/CPU_Init.o
 *fill*         0x0000105b        0x1 
 .rodata.CPU_DefaultFBE
                0x0000105c        0x7 ./Static_Code/System/CPU_Init.o
 *fill*         0x00001063        0x1 
 .rodata.CPU_DefaultBLPE
                0x00001064        0x7 ./Static_Code/System/CPU_Init.o
 *fill*         0x0000106b        0x1 
 .rodata.CPU_DefaultPBE
                0x0000106c        0x7 ./Static_Code/System/CPU_Init.o
 *fill*         0x00001073        0x1 
 .rodata.CPU_DefaultPEE
                0x00001074        0x7 ./Static_Code/System/CPU_Init.o
 *fill*         0x0000107b        0x1 
 .rodata.CPU_ClockGenModeRegs
                0x0000107c       0x20 ./Static_Code/System/CPU_Init.o
 .rodata.str1.4
                0x0000109c        0x4 /usr/local/gcc-arm-none-eabi-4_9-2015q3/bin/../lib/gcc/arm-none-eabi/4.9.3/../../../../arm-none-eabi/lib/armv7e-m/fpu/libg.a(lib_a-impure.o)
                                  0x2 (size before relaxing)
 .rodata._global_impure_ptr
                0x000010a0        0x4 /usr/local/gcc-arm-none-eabi-4_9-2015q3/bin/../lib/gcc/arm-none-eabi/4.9.3/../../../../arm-none-eabi/lib/armv7e-m/fpu/libg.a(lib_a-impure.o)
                0x000010a0                _global_impure_ptr
 *(.glue_7)
 .glue_7        0x00000000        0x0 linker stubs
 *(.glue_7t)
 .glue_7t       0x00000000        0x0 linker stubs
 *(.eh_frame)
 .eh_frame      0x000010a4        0x0 /usr/local/gcc-arm-none-eabi-4_9-2015q3/bin/../lib/gcc/arm-none-eabi/4.9.3/armv7e-m/fpu/crtbegin.o
 *(.init)
 .init          0x000010a4        0x4 /usr/local/gcc-arm-none-eabi-4_9-2015q3/bin/../lib/gcc/arm-none-eabi/4.9.3/armv7e-m/fpu/crti.o
                0x000010a4                _init
 .init          0x000010a8        0x8 /usr/local/gcc-arm-none-eabi-4_9-2015q3/bin/../lib/gcc/arm-none-eabi/4.9.3/armv7e-m/fpu/crtn.o
 *(.fini)
 .fini          0x000010b0        0x4 /usr/local/gcc-arm-none-eabi-4_9-2015q3/bin/../lib/gcc/arm-none-eabi/4.9.3/armv7e-m/fpu/crti.o
                0x000010b0                _fini
 .fini          0x000010b4        0x8 /usr/local/gcc-arm-none-eabi-4_9-2015q3/bin/../lib/gcc/arm-none-eabi/4.9.3/armv7e-m/fpu/crtn.o
                0x000010bc                . = ALIGN (0x4)
                0x000010bc                _etext = .

.vfp11_veneer   0x000010bc        0x0
 .vfp11_veneer  0x00000000        0x0 linker stubs

.v4_bx          0x000010bc        0x0
 .v4_bx         0x00000000        0x0 linker stubs

.iplt           0x000010bc        0x0
 .iplt          0x00000000        0x0 /usr/local/gcc-arm-none-eabi-4_9-2015q3/bin/../lib/gcc/arm-none-eabi/4.9.3/armv7e-m/fpu/crtbegin.o

.rel.dyn        0x000010bc        0x0
 .rel.iplt      0x00000000        0x0 /usr/local/gcc-arm-none-eabi-4_9-2015q3/bin/../lib/gcc/arm-none-eabi/4.9.3/armv7e-m/fpu/crtbegin.o

.ARM.extab
 *(.ARM.extab* .gnu.linkonce.armextab.*)

.ARM            0x000010bc        0x0
                0x000010bc                __exidx_start = .
 *(.ARM.exidx*)
                0x000010bc                __exidx_end = .

.ctors          0x000010bc        0x0
                0x000010bc                __CTOR_LIST__ = .
 *crtbegin.o(.ctors)
 *(EXCLUDE_FILE(*crtend.o) .ctors)
 *(SORT(.ctors.*))
 *(.ctors)
                0x000010bc                __CTOR_END__ = .

.dtors          0x000010bc        0x0
                0x000010bc                __DTOR_LIST__ = .
 *crtbegin.o(.dtors)
 *(EXCLUDE_FILE(*crtend.o) .dtors)
 *(SORT(.dtors.*))
 *(.dtors)
                0x000010bc                __DTOR_END__ = .

.preinit_array  0x000010bc        0x0
                0x000010bc                PROVIDE (__preinit_array_start, .)
 *(.preinit_array*)
                0x000010bc                PROVIDE (__preinit_array_end, .)

.init_array     0x000010bc        0x8
                0x000010bc                PROVIDE (__init_array_start, .)
 *(SORT(.init_array.*))
 .init_array.00000
                0x000010bc        0x4 /usr/local/gcc-arm-none-eabi-4_9-2015q3/bin/../lib/gcc/arm-none-eabi/4.9.3/../../../../arm-none-eabi/lib/armv7e-m/fpu/libg.a(lib_a-__call_atexit.o)
 *(.init_array*)
 .init_array    0x000010c0        0x4 /usr/local/gcc-arm-none-eabi-4_9-2015q3/bin/../lib/gcc/arm-none-eabi/4.9.3/armv7e-m/fpu/crtbegin.o
                0x000010c4                PROVIDE (__init_array_end, .)

.fini_array     0x000010c4        0x4
                0x000010c4                PROVIDE (__fini_array_start, .)
 *(SORT(.fini_array.*))
 *(.fini_array*)
 .fini_array    0x000010c4        0x4 /usr/local/gcc-arm-none-eabi-4_9-2015q3/bin/../lib/gcc/arm-none-eabi/4.9.3/armv7e-m/fpu/crtbegin.o
                0x000010c8                PROVIDE (__fini_array_end, .)
                0x000010c8                ___ROM_AT = .

.data           0x20000000      0x428 load address 0x000010c8
                0x20000000                . = ALIGN (0x4)
                0x20000000                _sdata = .
 *(.data)
 *(.data*)
 .data.impure_data
                0x20000000      0x428 /usr/local/gcc-arm-none-eabi-4_9-2015q3/bin/../lib/gcc/arm-none-eabi/4.9.3/../../../../arm-none-eabi/lib/armv7e-m/fpu/libg.a(lib_a-impure.o)
                0x20000428                . = ALIGN (0x4)
                0x20000428                _edata = .
                0x00000428                ___data_size = (_edata - _sdata)
                0x000014f0                ___m_data_1FFF0000_ROMStart = (___ROM_AT + SIZEOF (.data))

.jcr            0x20000428        0x0 load address 0x000014f0
 .jcr           0x20000428        0x0 /usr/local/gcc-arm-none-eabi-4_9-2015q3/bin/../lib/gcc/arm-none-eabi/4.9.3/armv7e-m/fpu/crtbegin.o

.igot.plt       0x20000428        0x0 load address 0x000014f0
 .igot.plt      0x00000000        0x0 /usr/local/gcc-arm-none-eabi-4_9-2015q3/bin/../lib/gcc/arm-none-eabi/4.9.3/armv7e-m/fpu/crtbegin.o

.m_data_1FFF0000
                0x1fff0000        0x0 load address 0x000014f0
                0x1fff0000                . = ALIGN (0x4)
                0x1fff0000                ___m_data_1FFF0000_RAMStart = .
 *(.m_data_1FFF0000)
                0x1fff0000                ___m_data_1FFF0000_RAMEnd = .
                0x1fff0000                . = ALIGN (0x4)
                0x00000000                ___m_data_1FFF0000_ROMSize = (___m_data_1FFF0000_RAMEnd - ___m_data_1FFF0000_RAMStart)
                0x1fff0000                . = ALIGN (0x4)

.bss            0x20000428       0x44 load address 0x000014f0
                0x20000428                __START_BSS = .
                0x20000428                PROVIDE (__bss_start__, __START_BSS)
 *(.bss)
 .bss           0x20000428       0x1c /usr/local/gcc-arm-none-eabi-4_9-2015q3/bin/../lib/gcc/arm-none-eabi/4.9.3/armv7e-m/fpu/crtbegin.o
 *(.bss*)
 .bss.argv      0x20000444       0x28 ./Project_Settings/Startup_Code/startup.o
 *(COMMON)
                0x2000046c                . = ALIGN (0x4)
                0x2000046c                __END_BSS = .
                0x2000046c                PROVIDE (__bss_end__, __END_BSS)
                0x000014f0                _romp_at = ((___ROM_AT + SIZEOF (.data)) + SIZEOF (.m_data_1FFF0000))

.romp           0x2000046c       0x24 load address 0x000014f0
                0x000014f0                __S_romp = _romp_at
                0x2000046c        0x4 LONG 0x10c8 ___ROM_AT
                0x20000470        0x4 LONG 0x20000000 _sdata
                0x20000474        0x4 LONG 0x428 ___data_size
                0x20000478        0x4 LONG 0x14f0 ___m_data_1FFF0000_ROMStart
                0x2000047c        0x4 LONG 0x1fff0000 ___m_data_1FFF0000_RAMStart
                0x20000480        0x4 LONG 0x0 ___m_data_1FFF0000_ROMSize
                0x20000484        0x4 LONG 0x0
                0x20000488        0x4 LONG 0x0
                0x2000048c        0x4 LONG 0x0

._user_heap_stack
                0x20000490      0x400 load address 0x00001514
                0x20000490                . = ALIGN (0x4)
                0x20000490                PROVIDE (end, .)
                0x20000490                PROVIDE (_end, .)
                0x20000490                __heap_addr = .
                0x20000490                . = (. + __heap_size)
                0x20000890                . = (. + __stack_size)
 *fill*         0x20000490      0x400 
                0x20000890                . = ALIGN (0x4)

.ARM.attributes
                0x00000000       0x30
 *(.ARM.attributes)
 .ARM.attributes
                0x00000000       0x22 /usr/local/gcc-arm-none-eabi-4_9-2015q3/bin/../lib/gcc/arm-none-eabi/4.9.3/armv7e-m/fpu/crti.o
 .ARM.attributes
                0x00000022       0x34 /usr/local/gcc-arm-none-eabi-4_9-2015q3/bin/../lib/gcc/arm-none-eabi/4.9.3/armv7e-m/fpu/crtbegin.o
 .ARM.attributes
                0x00000056       0x39 ./Static_Code/System/CPU_Init.o
 .ARM.attributes
                0x0000008f       0x39 ./Static_Code/System/Vectors.o
 .ARM.attributes
                0x000000c8       0x39 ./Sources/Events.o
 .ARM.attributes
                0x00000101       0x39 ./Sources/main.o
 .ARM.attributes
                0x0000013a       0x39 ./Project_Settings/Startup_Code/startup.o
 .ARM.attributes
                0x00000173       0x39 ./Generated_Code/Cpu.o
 .ARM.attributes
                0x000001ac       0x34 /usr/local/gcc-arm-none-eabi-4_9-2015q3/bin/../lib/gcc/arm-none-eabi/4.9.3/../../../../arm-none-eabi/lib/armv7e-m/fpu/libg.a(lib_a-impure.o)
 .ARM.attributes
                0x000001e0       0x34 /usr/local/gcc-arm-none-eabi-4_9-2015q3/bin/../lib/gcc/arm-none-eabi/4.9.3/../../../../arm-none-eabi/lib/armv7e-m/fpu/libg.a(lib_a-__call_atexit.o)
 .ARM.attributes
                0x00000214       0x34 /usr/local/gcc-arm-none-eabi-4_9-2015q3/bin/../lib/gcc/arm-none-eabi/4.9.3/../../../../arm-none-eabi/lib/armv7e-m/fpu/libg.a(lib_a-atexit.o)
 .ARM.attributes
                0x00000248       0x34 /usr/local/gcc-arm-none-eabi-4_9-2015q3/bin/../lib/gcc/arm-none-eabi/4.9.3/../../../../arm-none-eabi/lib/armv7e-m/fpu/libg.a(lib_a-fini.o)
 .ARM.attributes
                0x0000027c       0x34 /usr/local/gcc-arm-none-eabi-4_9-2015q3/bin/../lib/gcc/arm-none-eabi/4.9.3/../../../../arm-none-eabi/lib/armv7e-m/fpu/libg.a(lib_a-__atexit.o)
 .ARM.attributes
                0x000002b0       0x22 /usr/local/gcc-arm-none-eabi-4_9-2015q3/bin/../lib/gcc/arm-none-eabi/4.9.3/armv7e-m/fpu/crtn.o
OUTPUT(MCUMathLib.elf elf32-littlearm)

.debug_info     0x00000000     0x1781
 .debug_info    0x00000000      0xa7f ./Static_Code/System/CPU_Init.o
 .debug_info    0x00000a7f      0x825 ./Static_Code/System/Vectors.o
 .debug_info    0x000012a4       0x96 ./Sources/Events.o
 .debug_info    0x0000133a       0xa9 ./Sources/main.o
 .debug_info    0x000013e3      0x308 ./Project_Settings/Startup_Code/startup.o
 .debug_info    0x000016eb       0x96 ./Generated_Code/Cpu.o

.debug_abbrev   0x00000000      0x4bf
 .debug_abbrev  0x00000000      0x1bf ./Static_Code/System/CPU_Init.o
 .debug_abbrev  0x000001bf       0xd8 ./Static_Code/System/Vectors.o
 .debug_abbrev  0x00000297       0x45 ./Sources/Events.o
 .debug_abbrev  0x000002dc       0x56 ./Sources/main.o
 .debug_abbrev  0x00000332      0x148 ./Project_Settings/Startup_Code/startup.o
 .debug_abbrev  0x0000047a       0x45 ./Generated_Code/Cpu.o

.debug_aranges  0x00000000      0x440
 .debug_aranges
                0x00000000       0x40 ./Static_Code/System/CPU_Init.o
 .debug_aranges
                0x00000040      0x340 ./Static_Code/System/Vectors.o
 .debug_aranges
                0x00000380       0x20 ./Sources/Events.o
 .debug_aranges
                0x000003a0       0x20 ./Sources/main.o
 .debug_aranges
                0x000003c0       0x60 ./Project_Settings/Startup_Code/startup.o
 .debug_aranges
                0x00000420       0x20 ./Generated_Code/Cpu.o

.debug_ranges   0x00000000      0x3e0
 .debug_ranges  0x00000000       0x30 ./Static_Code/System/CPU_Init.o
 .debug_ranges  0x00000030      0x330 ./Static_Code/System/Vectors.o
 .debug_ranges  0x00000360       0x10 ./Sources/Events.o
 .debug_ranges  0x00000370       0x10 ./Sources/main.o
 .debug_ranges  0x00000380       0x50 ./Project_Settings/Startup_Code/startup.o
 .debug_ranges  0x000003d0       0x10 ./Generated_Code/Cpu.o

.debug_macro    0x00000000    0x1ca33
 .debug_macro   0x00000000      0x128 ./Static_Code/System/CPU_Init.o
 .debug_macro   0x00000128      0x86e ./Static_Code/System/CPU_Init.o
 .debug_macro   0x00000996       0x22 ./Static_Code/System/CPU_Init.o
 .debug_macro   0x000009b8       0x44 ./Static_Code/System/CPU_Init.o
 .debug_macro   0x000009fc       0xe3 ./Static_Code/System/CPU_Init.o
 .debug_macro   0x00000adf       0x22 ./Static_Code/System/CPU_Init.o
 .debug_macro   0x00000b01      0x1df ./Static_Code/System/CPU_Init.o
 .debug_macro   0x00000ce0     0x176e ./Static_Code/System/CPU_Init.o
 .debug_macro   0x0000244e    0x10f7a ./Static_Code/System/CPU_Init.o
 .debug_macro   0x000133c8      0x472 ./Static_Code/System/CPU_Init.o
 .debug_macro   0x0001383a      0x14e ./Static_Code/System/CPU_Init.o
 .debug_macro   0x00013988       0x6a ./Static_Code/System/CPU_Init.o
 .debug_macro   0x000139f2       0x58 ./Static_Code/System/CPU_Init.o
 .debug_macro   0x00013a4a       0x35 ./Static_Code/System/CPU_Init.o
 .debug_macro   0x00013a7f       0x9c ./Static_Code/System/CPU_Init.o
 .debug_macro   0x00013b1b       0x16 ./Static_Code/System/CPU_Init.o
 .debug_macro   0x00013b31      0x291 ./Static_Code/System/CPU_Init.o
 .debug_macro   0x00013dc2      0x116 ./Static_Code/System/Vectors.o
 .debug_macro   0x00013ed8      0x264 ./Sources/Events.o
 .debug_macro   0x0001413c       0x94 ./Sources/Events.o
 .debug_macro   0x000141d0      0x616 ./Sources/Events.o
 .debug_macro   0x000147e6      0x626 ./Sources/Events.o
 .debug_macro   0x00014e0c      0x327 ./Sources/Events.o
 .debug_macro   0x00015133      0x1e8 ./Sources/Events.o
 .debug_macro   0x0001531b      0x109 ./Sources/Events.o
 .debug_macro   0x00015424      0x17e ./Sources/Events.o
 .debug_macro   0x000155a2      0x200 ./Sources/Events.o
 .debug_macro   0x000157a2      0x91e ./Sources/Events.o
 .debug_macro   0x000160c0      0x588 ./Sources/Events.o
 .debug_macro   0x00016648       0x9e ./Sources/Events.o
 .debug_macro   0x000166e6      0x1f7 ./Sources/Events.o
 .debug_macro   0x000168dd      0x50f ./Sources/Events.o
 .debug_macro   0x00016dec      0x6a6 ./Sources/Events.o
 .debug_macro   0x00017492      0x131 ./Sources/Events.o
 .debug_macro   0x000175c3      0x297 ./Sources/Events.o
 .debug_macro   0x0001785a      0x318 ./Sources/Events.o
 .debug_macro   0x00017b72      0x25a ./Sources/Events.o
 .debug_macro   0x00017dcc      0x13d ./Sources/Events.o
 .debug_macro   0x00017f09      0x30b ./Sources/Events.o
 .debug_macro   0x00018214       0xba ./Sources/Events.o
 .debug_macro   0x000182ce       0xe9 ./Sources/Events.o
 .debug_macro   0x000183b7      0x4e9 ./Sources/Events.o
 .debug_macro   0x000188a0      0x191 ./Sources/Events.o
 .debug_macro   0x00018a31       0xea ./Sources/Events.o
 .debug_macro   0x00018b1b      0x348 ./Sources/Events.o
 .debug_macro   0x00018e63      0x7d6 ./Sources/Events.o
 .debug_macro   0x00019639      0x179 ./Sources/Events.o
 .debug_macro   0x000197b2      0x645 ./Sources/Events.o
 .debug_macro   0x00019df7      0x892 ./Sources/Events.o
 .debug_macro   0x0001a689      0x11c ./Sources/Events.o
 .debug_macro   0x0001a7a5      0x648 ./Sources/Events.o
 .debug_macro   0x0001aded       0x81 ./Sources/Events.o
 .debug_macro   0x0001ae6e      0x7bf ./Sources/Events.o
 .debug_macro   0x0001b62d      0x10f ./Sources/Events.o
 .debug_macro   0x0001b73c      0x614 ./Sources/Events.o
 .debug_macro   0x0001bd50      0x181 ./Sources/Events.o
 .debug_macro   0x0001bed1      0x264 ./Sources/main.o
 .debug_macro   0x0001c135      0x102 ./Project_Settings/Startup_Code/startup.o
 .debug_macro   0x0001c237      0x166 ./Project_Settings/Startup_Code/startup.o
 .debug_macro   0x0001c39d       0x4a ./Project_Settings/Startup_Code/startup.o
 .debug_macro   0x0001c3e7       0x52 ./Project_Settings/Startup_Code/startup.o
 .debug_macro   0x0001c439       0x16 ./Project_Settings/Startup_Code/startup.o
 .debug_macro   0x0001c44f       0x43 ./Project_Settings/Startup_Code/startup.o
 .debug_macro   0x0001c492      0x180 ./Project_Settings/Startup_Code/startup.o
 .debug_macro   0x0001c612      0x29d ./Project_Settings/Startup_Code/startup.o
 .debug_macro   0x0001c8af       0x10 ./Project_Settings/Startup_Code/startup.o
 .debug_macro   0x0001c8bf       0x35 ./Project_Settings/Startup_Code/startup.o
 .debug_macro   0x0001c8f4       0x16 ./Project_Settings/Startup_Code/startup.o
 .debug_macro   0x0001c90a       0x22 ./Project_Settings/Startup_Code/startup.o
 .debug_macro   0x0001c92c      0x107 ./Generated_Code/Cpu.o

.debug_line     0x00000000     0x227d
 .debug_line    0x00000000      0x515 ./Static_Code/System/CPU_Init.o
 .debug_line    0x00000515      0xacb ./Static_Code/System/Vectors.o
 .debug_line    0x00000fe0      0x5b3 ./Sources/Events.o
 .debug_line    0x00001593      0x5b9 ./Sources/main.o
 .debug_line    0x00001b4c      0x344 ./Project_Settings/Startup_Code/startup.o
 .debug_line    0x00001e90      0x3ed ./Generated_Code/Cpu.o

.debug_str      0x00000000    0xe1cd3
 .debug_str     0x00000000    0x6a9d7 ./Static_Code/System/CPU_Init.o
                              0x6ab9d (size before relaxing)
 .debug_str     0x0006a9d7      0x98a ./Static_Code/System/Vectors.o
                              0x6afe2 (size before relaxing)
 .debug_str     0x0006b361    0x74745 ./Sources/Events.o
                              0xddd38 (size before relaxing)
 .debug_str     0x000dfaa6       0x1c ./Sources/main.o
                              0xddd36 (size before relaxing)
 .debug_str     0x000dfac2     0x21f9 ./Project_Settings/Startup_Code/startup.o
                               0x4dad (size before relaxing)
 .debug_str     0x000e1cbb       0x18 ./Generated_Code/Cpu.o
                              0x69620 (size before relaxing)

.comment        0x00000000       0x70
 .comment       0x00000000       0x70 ./Static_Code/System/CPU_Init.o
                                 0x71 (size before relaxing)
 .comment       0x00000000       0x71 ./Static_Code/System/Vectors.o
 .comment       0x00000000       0x71 ./Sources/Events.o
 .comment       0x00000000       0x71 ./Sources/main.o
 .comment       0x00000000       0x71 ./Project_Settings/Startup_Code/startup.o
 .comment       0x00000000       0x71 ./Generated_Code/Cpu.o

.debug_frame    0x00000000     0x1350
 .debug_frame   0x00000000       0xb8 ./Static_Code/System/CPU_Init.o
 .debug_frame   0x000000b8      0xfd8 ./Static_Code/System/Vectors.o
 .debug_frame   0x00001090       0x30 ./Sources/Events.o
 .debug_frame   0x000010c0       0x30 ./Sources/main.o
 .debug_frame   0x000010f0      0x14c ./Project_Settings/Startup_Code/startup.o
 .debug_frame   0x0000123c       0x3c ./Generated_Code/Cpu.o
 .debug_frame   0x00001278       0x50 /usr/local/gcc-arm-none-eabi-4_9-2015q3/bin/../lib/gcc/arm-none-eabi/4.9.3/../../../../arm-none-eabi/lib/armv7e-m/fpu/libg.a(lib_a-__call_atexit.o)
 .debug_frame   0x000012c8       0x20 /usr/local/gcc-arm-none-eabi-4_9-2015q3/bin/../lib/gcc/arm-none-eabi/4.9.3/../../../../arm-none-eabi/lib/armv7e-m/fpu/libg.a(lib_a-atexit.o)
 .debug_frame   0x000012e8       0x34 /usr/local/gcc-arm-none-eabi-4_9-2015q3/bin/../lib/gcc/arm-none-eabi/4.9.3/../../../../arm-none-eabi/lib/armv7e-m/fpu/libg.a(lib_a-fini.o)
 .debug_frame   0x0000131c       0x34 /usr/local/gcc-arm-none-eabi-4_9-2015q3/bin/../lib/gcc/arm-none-eabi/4.9.3/../../../../arm-none-eabi/lib/armv7e-m/fpu/libg.a(lib_a-__atexit.o)
